Copyright 1986-2016 Xilinx, Inc. All Rights Reserved.
---------------------------------------------------------------------------------------------------------------------------------------
| Tool Version : Vivado v.2016.4 (lin64) Build 1756540 Mon Jan 23 19:11:19 MST 2017
| Date         : Mon Jun 12 17:47:41 2017
| Host         : ispc2016 running 64-bit Ubuntu 14.04.5 LTS
| Command      : report_methodology -file design_1_wrapper_methodology_drc_routed.rpt -rpx design_1_wrapper_methodology_drc_routed.rpx
| Design       : design_1_wrapper
| Device       : xc7a35ticsg324-1L
| Speed File   : -1L
| Design State : Routed
---------------------------------------------------------------------------------------------------------------------------------------

Report Methodology

Table of Contents
-----------------
1. REPORT SUMMARY
2. REPORT DETAILS

1. REPORT SUMMARY
-----------------
            Netlist: netlist
          Floorplan: design_1
      Design limits: <entire design considered>
             Max violations: <unlimited>
             Violations found: 33
+-----------+----------+-------------------------------+------------+
| Rule      | Severity | Description                   | Violations |
+-----------+----------+-------------------------------+------------+
| TIMING-16 | Warning  | Large setup violation         | 31         |
| TIMING-18 | Warning  | Missing input or output delay | 2          |
+-----------+----------+-------------------------------+------------+

2. REPORT DETAILS
-----------------
TIMING-16#1 Warning
Large setup violation  
There is a large setup violation of -10.002 ns between design_1_i/c_shift_ram_0/U0/i_synth/i_bb_inst/f0.srl_sig_reg[15][23]/C (clocked by clk_out1_design_1_clk_wiz_0_0) and design_1_i/c_shift_ram_1/U0/i_synth/i_bb_inst/f0.srl_sig_reg[0][27]/D (clocked by clk_out1_design_1_clk_wiz_0_0). Large setup violations at the end of those stages might be difficult to fix during the post-placement implementation flow and could be the result of non-optimal XDC constraints or non-optimal design architecture
Related violations: <none>

TIMING-16#2 Warning
Large setup violation  
There is a large setup violation of -10.035 ns between design_1_i/c_shift_ram_0/U0/i_synth/i_bb_inst/f0.srl_sig_reg[15][23]/C (clocked by clk_out1_design_1_clk_wiz_0_0) and design_1_i/c_shift_ram_1/U0/i_synth/i_bb_inst/f0.srl_sig_reg[0][7]/D (clocked by clk_out1_design_1_clk_wiz_0_0). Large setup violations at the end of those stages might be difficult to fix during the post-placement implementation flow and could be the result of non-optimal XDC constraints or non-optimal design architecture
Related violations: <none>

TIMING-16#3 Warning
Large setup violation  
There is a large setup violation of -10.040 ns between design_1_i/c_shift_ram_0/U0/i_synth/i_bb_inst/f0.srl_sig_reg[15][23]/C (clocked by clk_out1_design_1_clk_wiz_0_0) and design_1_i/c_shift_ram_1/U0/i_synth/i_bb_inst/f0.srl_sig_reg[0][17]/D (clocked by clk_out1_design_1_clk_wiz_0_0). Large setup violations at the end of those stages might be difficult to fix during the post-placement implementation flow and could be the result of non-optimal XDC constraints or non-optimal design architecture
Related violations: <none>

TIMING-16#4 Warning
Large setup violation  
There is a large setup violation of -10.041 ns between design_1_i/c_shift_ram_0/U0/i_synth/i_bb_inst/f0.srl_sig_reg[15][23]/C (clocked by clk_out1_design_1_clk_wiz_0_0) and design_1_i/c_shift_ram_1/U0/i_synth/i_bb_inst/f0.srl_sig_reg[0][25]/D (clocked by clk_out1_design_1_clk_wiz_0_0). Large setup violations at the end of those stages might be difficult to fix during the post-placement implementation flow and could be the result of non-optimal XDC constraints or non-optimal design architecture
Related violations: <none>

TIMING-16#5 Warning
Large setup violation  
There is a large setup violation of -10.046 ns between design_1_i/c_shift_ram_0/U0/i_synth/i_bb_inst/f0.srl_sig_reg[15][23]/C (clocked by clk_out1_design_1_clk_wiz_0_0) and design_1_i/c_shift_ram_1/U0/i_synth/i_bb_inst/f0.srl_sig_reg[0][21]/D (clocked by clk_out1_design_1_clk_wiz_0_0). Large setup violations at the end of those stages might be difficult to fix during the post-placement implementation flow and could be the result of non-optimal XDC constraints or non-optimal design architecture
Related violations: <none>

TIMING-16#6 Warning
Large setup violation  
There is a large setup violation of -10.059 ns between design_1_i/c_shift_ram_0/U0/i_synth/i_bb_inst/f0.srl_sig_reg[15][23]/C (clocked by clk_out1_design_1_clk_wiz_0_0) and design_1_i/c_shift_ram_1/U0/i_synth/i_bb_inst/f0.srl_sig_reg[0][29]/D (clocked by clk_out1_design_1_clk_wiz_0_0). Large setup violations at the end of those stages might be difficult to fix during the post-placement implementation flow and could be the result of non-optimal XDC constraints or non-optimal design architecture
Related violations: <none>

TIMING-16#7 Warning
Large setup violation  
There is a large setup violation of -10.073 ns between design_1_i/c_shift_ram_0/U0/i_synth/i_bb_inst/f0.srl_sig_reg[15][23]/C (clocked by clk_out1_design_1_clk_wiz_0_0) and design_1_i/c_shift_ram_1/U0/i_synth/i_bb_inst/f0.srl_sig_reg[0][20]/D (clocked by clk_out1_design_1_clk_wiz_0_0). Large setup violations at the end of those stages might be difficult to fix during the post-placement implementation flow and could be the result of non-optimal XDC constraints or non-optimal design architecture
Related violations: <none>

TIMING-16#8 Warning
Large setup violation  
There is a large setup violation of -10.104 ns between design_1_i/c_shift_ram_0/U0/i_synth/i_bb_inst/f0.srl_sig_reg[15][23]/C (clocked by clk_out1_design_1_clk_wiz_0_0) and design_1_i/c_shift_ram_1/U0/i_synth/i_bb_inst/f0.srl_sig_reg[0][3]/D (clocked by clk_out1_design_1_clk_wiz_0_0). Large setup violations at the end of those stages might be difficult to fix during the post-placement implementation flow and could be the result of non-optimal XDC constraints or non-optimal design architecture
Related violations: <none>

TIMING-16#9 Warning
Large setup violation  
There is a large setup violation of -10.148 ns between design_1_i/c_shift_ram_0/U0/i_synth/i_bb_inst/f0.srl_sig_reg[15][23]/C (clocked by clk_out1_design_1_clk_wiz_0_0) and design_1_i/c_shift_ram_1/U0/i_synth/i_bb_inst/f0.srl_sig_reg[0][30]/D (clocked by clk_out1_design_1_clk_wiz_0_0). Large setup violations at the end of those stages might be difficult to fix during the post-placement implementation flow and could be the result of non-optimal XDC constraints or non-optimal design architecture
Related violations: <none>

TIMING-16#10 Warning
Large setup violation  
There is a large setup violation of -10.152 ns between design_1_i/c_shift_ram_0/U0/i_synth/i_bb_inst/f0.srl_sig_reg[15][23]/C (clocked by clk_out1_design_1_clk_wiz_0_0) and design_1_i/c_shift_ram_1/U0/i_synth/i_bb_inst/f0.srl_sig_reg[0][13]/D (clocked by clk_out1_design_1_clk_wiz_0_0). Large setup violations at the end of those stages might be difficult to fix during the post-placement implementation flow and could be the result of non-optimal XDC constraints or non-optimal design architecture
Related violations: <none>

TIMING-16#11 Warning
Large setup violation  
There is a large setup violation of -10.167 ns between design_1_i/c_shift_ram_0/U0/i_synth/i_bb_inst/f0.srl_sig_reg[15][23]/C (clocked by clk_out1_design_1_clk_wiz_0_0) and design_1_i/c_shift_ram_1/U0/i_synth/i_bb_inst/f0.srl_sig_reg[0][26]/D (clocked by clk_out1_design_1_clk_wiz_0_0). Large setup violations at the end of those stages might be difficult to fix during the post-placement implementation flow and could be the result of non-optimal XDC constraints or non-optimal design architecture
Related violations: <none>

TIMING-16#12 Warning
Large setup violation  
There is a large setup violation of -10.174 ns between design_1_i/c_shift_ram_0/U0/i_synth/i_bb_inst/f0.srl_sig_reg[15][23]/C (clocked by clk_out1_design_1_clk_wiz_0_0) and design_1_i/c_shift_ram_1/U0/i_synth/i_bb_inst/f0.srl_sig_reg[0][24]/D (clocked by clk_out1_design_1_clk_wiz_0_0). Large setup violations at the end of those stages might be difficult to fix during the post-placement implementation flow and could be the result of non-optimal XDC constraints or non-optimal design architecture
Related violations: <none>

TIMING-16#13 Warning
Large setup violation  
There is a large setup violation of -10.180 ns between design_1_i/c_shift_ram_0/U0/i_synth/i_bb_inst/f0.srl_sig_reg[15][23]/C (clocked by clk_out1_design_1_clk_wiz_0_0) and design_1_i/c_shift_ram_1/U0/i_synth/i_bb_inst/f0.srl_sig_reg[0][16]/D (clocked by clk_out1_design_1_clk_wiz_0_0). Large setup violations at the end of those stages might be difficult to fix during the post-placement implementation flow and could be the result of non-optimal XDC constraints or non-optimal design architecture
Related violations: <none>

TIMING-16#14 Warning
Large setup violation  
There is a large setup violation of -10.244 ns between design_1_i/c_shift_ram_0/U0/i_synth/i_bb_inst/f0.srl_sig_reg[15][23]/C (clocked by clk_out1_design_1_clk_wiz_0_0) and design_1_i/c_shift_ram_1/U0/i_synth/i_bb_inst/f0.srl_sig_reg[0][5]/D (clocked by clk_out1_design_1_clk_wiz_0_0). Large setup violations at the end of those stages might be difficult to fix during the post-placement implementation flow and could be the result of non-optimal XDC constraints or non-optimal design architecture
Related violations: <none>

TIMING-16#15 Warning
Large setup violation  
There is a large setup violation of -10.258 ns between design_1_i/c_shift_ram_0/U0/i_synth/i_bb_inst/f0.srl_sig_reg[15][23]/C (clocked by clk_out1_design_1_clk_wiz_0_0) and design_1_i/c_shift_ram_1/U0/i_synth/i_bb_inst/f0.srl_sig_reg[0][9]/D (clocked by clk_out1_design_1_clk_wiz_0_0). Large setup violations at the end of those stages might be difficult to fix during the post-placement implementation flow and could be the result of non-optimal XDC constraints or non-optimal design architecture
Related violations: <none>

TIMING-16#16 Warning
Large setup violation  
There is a large setup violation of -10.261 ns between design_1_i/c_shift_ram_0/U0/i_synth/i_bb_inst/f0.srl_sig_reg[15][23]/C (clocked by clk_out1_design_1_clk_wiz_0_0) and design_1_i/c_shift_ram_1/U0/i_synth/i_bb_inst/f0.srl_sig_reg[0][4]/D (clocked by clk_out1_design_1_clk_wiz_0_0). Large setup violations at the end of those stages might be difficult to fix during the post-placement implementation flow and could be the result of non-optimal XDC constraints or non-optimal design architecture
Related violations: <none>

TIMING-16#17 Warning
Large setup violation  
There is a large setup violation of -10.282 ns between design_1_i/c_shift_ram_0/U0/i_synth/i_bb_inst/f0.srl_sig_reg[15][23]/C (clocked by clk_out1_design_1_clk_wiz_0_0) and design_1_i/c_shift_ram_1/U0/i_synth/i_bb_inst/f0.srl_sig_reg[0][14]/D (clocked by clk_out1_design_1_clk_wiz_0_0). Large setup violations at the end of those stages might be difficult to fix during the post-placement implementation flow and could be the result of non-optimal XDC constraints or non-optimal design architecture
Related violations: <none>

TIMING-16#18 Warning
Large setup violation  
There is a large setup violation of -10.283 ns between design_1_i/c_shift_ram_0/U0/i_synth/i_bb_inst/f0.srl_sig_reg[15][23]/C (clocked by clk_out1_design_1_clk_wiz_0_0) and design_1_i/c_shift_ram_1/U0/i_synth/i_bb_inst/f0.srl_sig_reg[0][10]/D (clocked by clk_out1_design_1_clk_wiz_0_0). Large setup violations at the end of those stages might be difficult to fix during the post-placement implementation flow and could be the result of non-optimal XDC constraints or non-optimal design architecture
Related violations: <none>

TIMING-16#19 Warning
Large setup violation  
There is a large setup violation of -10.287 ns between design_1_i/c_shift_ram_0/U0/i_synth/i_bb_inst/f0.srl_sig_reg[15][23]/C (clocked by clk_out1_design_1_clk_wiz_0_0) and design_1_i/c_shift_ram_1/U0/i_synth/i_bb_inst/f0.srl_sig_reg[0][8]/D (clocked by clk_out1_design_1_clk_wiz_0_0). Large setup violations at the end of those stages might be difficult to fix during the post-placement implementation flow and could be the result of non-optimal XDC constraints or non-optimal design architecture
Related violations: <none>

TIMING-16#20 Warning
Large setup violation  
There is a large setup violation of -10.289 ns between design_1_i/c_shift_ram_0/U0/i_synth/i_bb_inst/f0.srl_sig_reg[15][23]/C (clocked by clk_out1_design_1_clk_wiz_0_0) and design_1_i/c_shift_ram_1/U0/i_synth/i_bb_inst/f0.srl_sig_reg[0][1]/D (clocked by clk_out1_design_1_clk_wiz_0_0). Large setup violations at the end of those stages might be difficult to fix during the post-placement implementation flow and could be the result of non-optimal XDC constraints or non-optimal design architecture
Related violations: <none>

TIMING-16#21 Warning
Large setup violation  
There is a large setup violation of -10.314 ns between design_1_i/c_shift_ram_0/U0/i_synth/i_bb_inst/f0.srl_sig_reg[15][23]/C (clocked by clk_out1_design_1_clk_wiz_0_0) and design_1_i/c_shift_ram_1/U0/i_synth/i_bb_inst/f0.srl_sig_reg[0][22]/D (clocked by clk_out1_design_1_clk_wiz_0_0). Large setup violations at the end of those stages might be difficult to fix during the post-placement implementation flow and could be the result of non-optimal XDC constraints or non-optimal design architecture
Related violations: <none>

TIMING-16#22 Warning
Large setup violation  
There is a large setup violation of -10.322 ns between design_1_i/c_shift_ram_0/U0/i_synth/i_bb_inst/f0.srl_sig_reg[15][23]/C (clocked by clk_out1_design_1_clk_wiz_0_0) and design_1_i/c_shift_ram_1/U0/i_synth/i_bb_inst/f0.srl_sig_reg[0][12]/D (clocked by clk_out1_design_1_clk_wiz_0_0). Large setup violations at the end of those stages might be difficult to fix during the post-placement implementation flow and could be the result of non-optimal XDC constraints or non-optimal design architecture
Related violations: <none>

TIMING-16#23 Warning
Large setup violation  
There is a large setup violation of -10.340 ns between design_1_i/c_shift_ram_0/U0/i_synth/i_bb_inst/f0.srl_sig_reg[15][23]/C (clocked by clk_out1_design_1_clk_wiz_0_0) and design_1_i/c_shift_ram_1/U0/i_synth/i_bb_inst/f0.srl_sig_reg[0][2]/D (clocked by clk_out1_design_1_clk_wiz_0_0). Large setup violations at the end of those stages might be difficult to fix during the post-placement implementation flow and could be the result of non-optimal XDC constraints or non-optimal design architecture
Related violations: <none>

TIMING-16#24 Warning
Large setup violation  
There is a large setup violation of -10.351 ns between design_1_i/c_shift_ram_0/U0/i_synth/i_bb_inst/f0.srl_sig_reg[15][23]/C (clocked by clk_out1_design_1_clk_wiz_0_0) and design_1_i/c_shift_ram_1/U0/i_synth/i_bb_inst/f0.srl_sig_reg[0][15]/D (clocked by clk_out1_design_1_clk_wiz_0_0). Large setup violations at the end of those stages might be difficult to fix during the post-placement implementation flow and could be the result of non-optimal XDC constraints or non-optimal design architecture
Related violations: <none>

TIMING-16#25 Warning
Large setup violation  
There is a large setup violation of -10.353 ns between design_1_i/c_shift_ram_0/U0/i_synth/i_bb_inst/f0.srl_sig_reg[15][23]/C (clocked by clk_out1_design_1_clk_wiz_0_0) and design_1_i/c_shift_ram_1/U0/i_synth/i_bb_inst/f0.srl_sig_reg[0][28]/D (clocked by clk_out1_design_1_clk_wiz_0_0). Large setup violations at the end of those stages might be difficult to fix during the post-placement implementation flow and could be the result of non-optimal XDC constraints or non-optimal design architecture
Related violations: <none>

TIMING-16#26 Warning
Large setup violation  
There is a large setup violation of -10.357 ns between design_1_i/c_shift_ram_0/U0/i_synth/i_bb_inst/f0.srl_sig_reg[15][23]/C (clocked by clk_out1_design_1_clk_wiz_0_0) and design_1_i/c_shift_ram_1/U0/i_synth/i_bb_inst/f0.srl_sig_reg[0][19]/D (clocked by clk_out1_design_1_clk_wiz_0_0). Large setup violations at the end of those stages might be difficult to fix during the post-placement implementation flow and could be the result of non-optimal XDC constraints or non-optimal design architecture
Related violations: <none>

TIMING-16#27 Warning
Large setup violation  
There is a large setup violation of -10.360 ns between design_1_i/c_shift_ram_0/U0/i_synth/i_bb_inst/f0.srl_sig_reg[15][23]/C (clocked by clk_out1_design_1_clk_wiz_0_0) and design_1_i/c_shift_ram_1/U0/i_synth/i_bb_inst/f0.srl_sig_reg[0][6]/D (clocked by clk_out1_design_1_clk_wiz_0_0). Large setup violations at the end of those stages might be difficult to fix during the post-placement implementation flow and could be the result of non-optimal XDC constraints or non-optimal design architecture
Related violations: <none>

TIMING-16#28 Warning
Large setup violation  
There is a large setup violation of -10.368 ns between design_1_i/c_shift_ram_0/U0/i_synth/i_bb_inst/f0.srl_sig_reg[15][23]/C (clocked by clk_out1_design_1_clk_wiz_0_0) and design_1_i/c_shift_ram_1/U0/i_synth/i_bb_inst/f0.srl_sig_reg[0][23]/D (clocked by clk_out1_design_1_clk_wiz_0_0). Large setup violations at the end of those stages might be difficult to fix during the post-placement implementation flow and could be the result of non-optimal XDC constraints or non-optimal design architecture
Related violations: <none>

TIMING-16#29 Warning
Large setup violation  
There is a large setup violation of -10.377 ns between design_1_i/c_shift_ram_0/U0/i_synth/i_bb_inst/f0.srl_sig_reg[15][23]/C (clocked by clk_out1_design_1_clk_wiz_0_0) and design_1_i/c_shift_ram_1/U0/i_synth/i_bb_inst/f0.srl_sig_reg[0][18]/D (clocked by clk_out1_design_1_clk_wiz_0_0). Large setup violations at the end of those stages might be difficult to fix during the post-placement implementation flow and could be the result of non-optimal XDC constraints or non-optimal design architecture
Related violations: <none>

TIMING-16#30 Warning
Large setup violation  
There is a large setup violation of -9.991 ns between design_1_i/c_shift_ram_0/U0/i_synth/i_bb_inst/f0.srl_sig_reg[15][23]/C (clocked by clk_out1_design_1_clk_wiz_0_0) and design_1_i/c_shift_ram_1/U0/i_synth/i_bb_inst/f0.srl_sig_reg[0][11]/D (clocked by clk_out1_design_1_clk_wiz_0_0). Large setup violations at the end of those stages might be difficult to fix during the post-placement implementation flow and could be the result of non-optimal XDC constraints or non-optimal design architecture
Related violations: <none>

TIMING-16#31 Warning
Large setup violation  
There is a large setup violation of -9.998 ns between design_1_i/c_shift_ram_0/U0/i_synth/i_bb_inst/f0.srl_sig_reg[15][23]/C (clocked by clk_out1_design_1_clk_wiz_0_0) and design_1_i/c_shift_ram_1/U0/i_synth/i_bb_inst/f0.srl_sig_reg[0][0]/D (clocked by clk_out1_design_1_clk_wiz_0_0). Large setup violations at the end of those stages might be difficult to fix during the post-placement implementation flow and could be the result of non-optimal XDC constraints or non-optimal design architecture
Related violations: <none>

TIMING-18#1 Warning
Missing input or output delay  
An output delay is missing on led[0] relative to clock(s) sys_clock 
Related violations: <none>

TIMING-18#2 Warning
Missing input or output delay  
An output delay is missing on led[1] relative to clock(s) sys_clock 
Related violations: <none>


